Started by user [8mha:////4JwL7rPs3JZ2cjg9IrxPHfkrQgHaGQpnwGvaduRhvp2QAAAAlx+LCAAAAAAAAP9b85aBtbiIQTGjNKU4P08vOT+vOD8nVc83PyU1x6OyILUoJzMv2y+/JJUBAhiZGBgqihhk0NSjKDWzXb3RdlLBUSYGJk8GtpzUvPSSDB8G5tKinBIGIZ+sxLJE/ZzEvHT94JKizLx0a6BxUmjGOUNodHsLgAzWEgZu/dLi1CL9xJTczDwAj6GcLcAAAAA=[0madmin
Building in workspace C:\Program Files (x86)\Jenkins\workspace\agtl-jenkins-launch-config-backup
[agtl-jenkins-launch-config-backup] $ cmd /c call C:\Windows\TEMP\jenkins7422143676512297298.bat

C:\Program Files (x86)\Jenkins\workspace\agtl-jenkins-launch-config-backup>PATH
PATH=C:\Python38\Scripts\;C:\Python38\;C:\Windows\system32;C:\Windows;C:\Windows\System32\Wbem;C:\Windows\System32\WindowsPowerShell\v1.0\;C:\Program Files\Amazon\cfn-bootstrap\;C:\ProgramData\chocolatey\bin;C:\Program Files\Java\jdk1.8.0_211\bin;C:\Program Files\Git\cmd;C:\Program Files\Amazon\AWSCLI\bin\;C:\Program Files\nodejs\;C:\Program Files (x86)\Yarn\bin\;C:\Windows\system32\config\systemprofile\AppData\Roaming\npm;C:\Windows\system32\config\systemprofile\AppData\Local\Yarn\bin

C:\Program Files (x86)\Jenkins\workspace\agtl-jenkins-launch-config-backup>PATH=C:\Python38\Scripts\;C:\Python38\;C:\Windows\system32;C:\Windows;C:\Windows\System32\Wbem;C:\Windows\System32\WindowsPowerShell\v1.0\;C:\Program Files\Amazon\cfn-bootstrap\;C:\ProgramData\chocolatey\bin;C:\Program Files\Java\jdk1.8.0_211\bin;C:\Program Files\Git\cmd;C:\Program Files\Amazon\AWSCLI\bin\;C:\Program Files\nodejs\;C:\Program Files (x86)\Yarn\bin\;C:\Windows\system32\config\systemprofile\AppData\Roaming\npm;C:\Windows\system32\config\systemprofile\AppData\Local\Yarn\binC:\Program Files\Git\cmd; 

C:\Program Files (x86)\Jenkins\workspace\agtl-jenkins-launch-config-backup>PATH
PATH=C:\Python38\Scripts\;C:\Python38\;C:\Windows\system32;C:\Windows;C:\Windows\System32\Wbem;C:\Windows\System32\WindowsPowerShell\v1.0\;C:\Program Files\Amazon\cfn-bootstrap\;C:\ProgramData\chocolatey\bin;C:\Program Files\Java\jdk1.8.0_211\bin;C:\Program Files\Git\cmd;C:\Program Files\Amazon\AWSCLI\bin\;C:\Program Files\nodejs\;C:\Program Files (x86)\Yarn\bin\;C:\Windows\system32\config\systemprofile\AppData\Roaming\npm;C:\Windows\system32\config\systemprofile\AppData\Local\Yarn\binC:\Program Files\Git\cmd;

C:\Program Files (x86)\Jenkins\workspace\agtl-jenkins-launch-config-backup>set mytime=143119 

C:\Program Files (x86)\Jenkins\workspace\agtl-jenkins-launch-config-backup>set mydate=20190502 

C:\Program Files (x86)\Jenkins\workspace\agtl-jenkins-launch-config-backup>set mytime=143119 

C:\Program Files (x86)\Jenkins\workspace\agtl-jenkins-launch-config-backup>set timestamp=20190502_143119 

C:\Program Files (x86)\Jenkins\workspace\agtl-jenkins-launch-config-backup>echo 20190502_143119 
20190502_143119

C:\Program Files (x86)\Jenkins\workspace\agtl-jenkins-launch-config-backup>cd C:\Program Files (x86)\Jenkins/.. 

C:\Program Files (x86)>for /F "tokens=*" %f in ('cd') do (set BACKUP_HOME=%f\Jenkins_Backup ) 

C:\Program Files (x86)>(set BACKUP_HOME=C:\Program Files (x86)\Jenkins_Backup ) 

C:\Program Files (x86)>cd C:\Program Files (x86)\Jenkins_Backup 

C:\Program Files (x86)\Jenkins_Backup>for /F "tokens=*" %f in ('dir /b') do (
echo %f  
 del /S /Q "C:\Program Files (x86)\Jenkins_Backup\%f"  
 rmdir /S /Q "C:\Program Files (x86)\Jenkins_Backup\%f" 
) 

C:\Program Files (x86)\Jenkins_Backup>(
echo 1234  
 del /S /Q "C:\Program Files (x86)\Jenkins_Backup\1234"  
 rmdir /S /Q "C:\Program Files (x86)\Jenkins_Backup\1234" 
) 
1234

C:\Program Files (x86)\Jenkins_Backup>(
echo 20190502_142341  
 del /S /Q "C:\Program Files (x86)\Jenkins_Backup\20190502_142341"  
 rmdir /S /Q "C:\Program Files (x86)\Jenkins_Backup\20190502_142341" 
) 
20190502_142341
Deleted file - C:\Program Files (x86)\Jenkins_Backup\20190502_142341\.git\config
Deleted file - C:\Program Files (x86)\Jenkins_Backup\20190502_142341\.git\description
Deleted file - C:\Program Files (x86)\Jenkins_Backup\20190502_142341\.git\HEAD
Deleted file - C:\Program Files (x86)\Jenkins_Backup\20190502_142341\.git\hooks\applypatch-msg.sample
Deleted file - C:\Program Files (x86)\Jenkins_Backup\20190502_142341\.git\hooks\commit-msg.sample
Deleted file - C:\Program Files (x86)\Jenkins_Backup\20190502_142341\.git\hooks\fsmonitor-watchman.sample
Deleted file - C:\Program Files (x86)\Jenkins_Backup\20190502_142341\.git\hooks\post-update.sample
Deleted file - C:\Program Files (x86)\Jenkins_Backup\20190502_142341\.git\hooks\pre-applypatch.sample
Deleted file - C:\Program Files (x86)\Jenkins_Backup\20190502_142341\.git\hooks\pre-commit.sample
Deleted file - C:\Program Files (x86)\Jenkins_Backup\20190502_142341\.git\hooks\pre-push.sample
Deleted file - C:\Program Files (x86)\Jenkins_Backup\20190502_142341\.git\hooks\pre-rebase.sample
Deleted file - C:\Program Files (x86)\Jenkins_Backup\20190502_142341\.git\hooks\pre-receive.sample
Deleted file - C:\Program Files (x86)\Jenkins_Backup\20190502_142341\.git\hooks\prepare-commit-msg.sample
Deleted file - C:\Program Files (x86)\Jenkins_Backup\20190502_142341\.git\hooks\update.sample
Deleted file - C:\Program Files (x86)\Jenkins_Backup\20190502_142341\.git\info\exclude
Deleted file - C:\Program Files (x86)\Jenkins_Backup\20190502_142341\agt-launch-jenkins-configuration\README.md
Deleted file - C:\Program Files (x86)\Jenkins_Backup\20190502_142341\agt-launch-jenkins-configuration\.git\COMMIT_EDITMSG
Deleted file - C:\Program Files (x86)\Jenkins_Backup\20190502_142341\agt-launch-jenkins-configuration\.git\config
Deleted file - C:\Program Files (x86)\Jenkins_Backup\20190502_142341\agt-launch-jenkins-configuration\.git\description
Deleted file - C:\Program Files (x86)\Jenkins_Backup\20190502_142341\agt-launch-jenkins-configuration\.git\HEAD
Deleted file - C:\Program Files (x86)\Jenkins_Backup\20190502_142341\agt-launch-jenkins-configuration\.git\index
Deleted file - C:\Program Files (x86)\Jenkins_Backup\20190502_142341\agt-launch-jenkins-configuration\.git\packed-refs
Deleted file - C:\Program Files (x86)\Jenkins_Backup\20190502_142341\agt-launch-jenkins-configuration\.git\hooks\applypatch-msg.sample
Deleted file - C:\Program Files (x86)\Jenkins_Backup\20190502_142341\agt-launch-jenkins-configuration\.git\hooks\commit-msg.sample
Deleted file - C:\Program Files (x86)\Jenkins_Backup\20190502_142341\agt-launch-jenkins-configuration\.git\hooks\fsmonitor-watchman.sample
Deleted file - C:\Program Files (x86)\Jenkins_Backup\20190502_142341\agt-launch-jenkins-configuration\.git\hooks\post-update.sample
Deleted file - C:\Program Files (x86)\Jenkins_Backup\20190502_142341\agt-launch-jenkins-configuration\.git\hooks\pre-applypatch.sample
Deleted file - C:\Program Files (x86)\Jenkins_Backup\20190502_142341\agt-launch-jenkins-configuration\.git\hooks\pre-commit.sample
Deleted file - C:\Program Files (x86)\Jenkins_Backup\20190502_142341\agt-launch-jenkins-configuration\.git\hooks\pre-push.sample
Deleted file - C:\Program Files (x86)\Jenkins_Backup\20190502_142341\agt-launch-jenkins-configuration\.git\hooks\pre-rebase.sample
Deleted file - C:\Program Files (x86)\Jenkins_Backup\20190502_142341\agt-launch-jenkins-configuration\.git\hooks\pre-receive.sample
Deleted file - C:\Program Files (x86)\Jenkins_Backup\20190502_142341\agt-launch-jenkins-configuration\.git\hooks\prepare-commit-msg.sample
Deleted file - C:\Program Files (x86)\Jenkins_Backup\20190502_142341\agt-launch-jenkins-configuration\.git\hooks\update.sample
Deleted file - C:\Program Files (x86)\Jenkins_Backup\20190502_142341\agt-launch-jenkins-configuration\.git\info\exclude
Deleted file - C:\Program Files (x86)\Jenkins_Backup\20190502_142341\agt-launch-jenkins-configuration\.git\logs\HEAD
Deleted file - C:\Program Files (x86)\Jenkins_Backup\20190502_142341\agt-launch-jenkins-configuration\.git\logs\refs\heads\master
Deleted file - C:\Program Files (x86)\Jenkins_Backup\20190502_142341\agt-launch-jenkins-configuration\.git\logs\refs\remotes\origin\HEAD
C:\Program Files (x86)\Jenkins_Backup\20190502_142341\agt-launch-jenkins-configuration\.git\objects\98\cb5e949d0eebbd4e69b125302d4fcdcb45c396
Access is denied.
C:\Program Files (x86)\Jenkins_Backup\20190502_142341\agt-launch-jenkins-configuration\.git\objects\ed\61707888a7bedf810587a5ca7e721853c978d0
Access is denied.
C:\Program Files (x86)\Jenkins_Backup\20190502_142341\agt-launch-jenkins-configuration\.git\objects\f1\ecfa8ddf372b24f1e5d1e01711b46cd12353e1
Access is denied.
Deleted file - C:\Program Files (x86)\Jenkins_Backup\20190502_142341\agt-launch-jenkins-configuration\.git\refs\heads\master
Deleted file - C:\Program Files (x86)\Jenkins_Backup\20190502_142341\agt-launch-jenkins-configuration\.git\refs\remotes\origin\HEAD

C:\Program Files (x86)\Jenkins_Backup>mkdir "C:\Program Files (x86)\Jenkins_Backup\20190502_143119" 

C:\Program Files (x86)\Jenkins_Backup>cd "C:\Program Files (x86)\Jenkins_Backup\20190502_143119" 

C:\Program Files (x86)\Jenkins_Backup\20190502_143119>git config --global user.name "kennedd-github" 

C:\Program Files (x86)\Jenkins_Backup\20190502_143119>git init 
Initialized empty Git repository in C:/Program Files (x86)/Jenkins_Backup/20190502_143119/.git/

C:\Program Files (x86)\Jenkins_Backup\20190502_143119>whoami
nt authority\system

C:\Program Files (x86)\Jenkins_Backup\20190502_143119>git config --system --unset credential.helper 

C:\Program Files (x86)\Jenkins_Backup\20190502_143119>git config --list 
core.symlinks=false
core.autocrlf=true
core.fscache=true
color.diff=auto
color.status=auto
color.branch=auto
color.interactive=true
help.format=html
rebase.autosquash=true
http.sslbackend=openssl
http.sslcainfo=C:/Program Files/Git/mingw64/ssl/certs/ca-bundle.crt
user.email=david.kennedy@mail.com
user.name=kennedd-github
core.repositoryformatversion=0
core.filemode=false
core.bare=false
core.logallrefupdates=true
core.symlinks=false
core.ignorecase=true

C:\Program Files (x86)\Jenkins_Backup\20190502_143119>git config --system --list 
http.sslbackend=openssl
http.sslcainfo=C:/Program Files/Git/mingw64/ssl/certs/ca-bundle.crt

C:\Program Files (x86)\Jenkins_Backup\20190502_143119>git clone --progress --verbose https://github.com/kennedd-github/agt-launch-jenkins-configuration.git 
Cloning into 'agt-launch-jenkins-configuration'...
POST git-upload-pack (175 bytes)
remote: Enumerating objects: 3, done.        
remote: Counting objects:  33% (1/3)           remote: Counting objects:  66% (2/3)           remote: Counting objects: 100% (3/3)           remote: Counting objects: 100% (3/3), done.        
remote: Compressing objects:  50% (1/2)           remote: Compressing objects: 100% (2/2)           remote: Compressing objects: 100% (2/2), done.        
remote: Total 3 (delta 0), reused 0 (delta 0), pack-reused 0        

C:\Program Files (x86)\Jenkins_Backup\20190502_143119>cd "C:\Program Files (x86)\Jenkins_Backup\20190502_143119\agt-launch-jenkins-configuration" 

C:\Program Files (x86)\Jenkins_Backup\20190502_143119\agt-launch-jenkins-configuration>xcopy /s "C:\Program Files (x86)\Jenkins" "Jenkins" /E /Y /B 
Does Jenkins specify a file name
or directory name on the target
(F = file, D = directory)? ?   —  ?ùx èD Ø\°Œv             w w 8w °Œv ô¼'¨íD äHøw  v °ûus”ùD TúD ¶)usPv                 usPv                 LúD TúD     ”ùD         øw °‹v 0pus°‹v   w ˆéD ğw èv #   Àv             Xöv * -     °éD     léD léD gtusĞòD us  v     ¸øv 0tus9    ”ùD 98\v dusPv ¸øv           ğw Hw dus°‹v C : \   0 0 0 0 0 4 0 9   îv   ˜ìDÀ v 0 0 0 0 0 4 0 9      åv À v ÿ  *fŠéA    v I  =  ˆê  şÿÿÿ@   = <ˆñD     =      À v ½   8lv šïÀ v ôD    :œh        I  ˜åv     åv 
   ˜åv  åv A  ˜å  şÿÿÿ             A     À v Á   8lv    æv ôD  t«w:œhşÿÿÿHëD ô¦w8   @   ´v äêD Ä’H 	  	  	    åv    `v (ìD ß0ïv@   HëD j¦wyJ  åv        (ëD _öïvU   yJ 4us°Œv éD                   xëD                 ïv0pus°‹v   ŠéP   B     v    Vşÿÿ    <\v     q¦wi  iÚÿÿÿ    v yJ fşÿÿ´ µ\\v (ìD    i  iÈÿÿÿ     Ò‰v	    PğD   (ìD ´ µ¨hZ  Z 8w À v €   Œv 9     v C   ´ µ‚O‹vv P   À v €   „v i       6$¦wúaŠé°w   v ¸w |ìD 
      6$¦wšaŠéÈw   v Ğw   v Çÿÿÿ´ µ8w J K         i  i v ´ µ   i  iäÿÿÿS  S   l	w €   ¼: °w S  S     v    €       ¸w øw Œv    S    ÿv S        w ¸w S  S   M   S   5         v öv    5   `v 5   túD5   `v `v |íD       ¸w túD  t«w:‘hşÿÿÿ˜íD j¦w    Ğw °ûus˜w    tíD 4us°Œv `ëD                                    íD üus  v ü¹'|ùD >øw  v TúD LúD     @     £ Øw @w  v `úv     põv Xw     !#÷ ˜w 8w ”ùD 0pus°‹v   D                                    v dus°‹v C : \ P r o g r a m   F i l e s   ( x 8 6 ) \ J e n k i n s                                                                                                                                                                                                                                                                                                                                                                                                                     4us°Œv îD                                           dus°‹v C : \ P r o g r a m   F i l e s   ( x 8 6 ) \ J e n k i n s _ B a c k u p \ 2 0 1 9 0 5 0 2 _ 1 4 3 1 1 9 \ a g t - l a u n c h - j e n k i n s - c o n f i g u r a t i o n \ J e n k i n s                                                                                                                                                                                                                                                                                                                                             dus°Œv PğD ^     V      T                        dus°‹v C : \ P r o g r a m   F i l e s   ( x 8 6 ) \ J e n k i n s                                                                                                                                                                                                                                                                                                                                                                                                                                                                             dus°Œv ˜òD                                dus0pus°‹v     dusPv ¸ùv           èğv     dus Pv   €úv dusPv ’v              œhdus Pv  ¦w    dusPv p“v              ôv dus Pv         dusPv @“v           À v    dus Pv  öD     dusPv P“v            t«w hdus Pv øD ˆÿv dusPv @’v              öD dus Pv         dusPv ˆùv                   dus Pv         dusPv Ğ’v                   dus Pv         dusPv úv                   dus Pv         dusPv ğ‘v           >úv öD dus Pv  =úv    dusPv `“v           ä=úv    dus4us°Œv àôD                                   Pv  ôv     dusPv (úv                   dus Pv         dusPv  ’v           ±şÿÿ şÿÿdus Pv         dusPv 0“v                  dus Pv         dusPv ’v                 pdus Pv  ôv     dusPv à‘v           €       dus Pv         dusPv Ğ‘v               ‘ dusà‹v   :     dusPv @öv               dusÀ‹v  ÿÿÿ    dusPv `úv 
              dusÀ‹v         dusPv Húv               dusPŒv 9úvÿv dusPv ‘v                   dusPŒv ùD xşv dusPv ğ’v                   dusPŒv         dusPv €’v                0úvdusPŒv  9úv    dusPv `’v               ˜¹'ğWvs„úD £Ğ®'           \À’v usà”v 8¡usÀŒv                       v /V      ğØÿÿÿÿÿÿ        v °v Pv    usPv `w ^   `w _   °v  v Pv ,V  1u     ¨w øw                                  ğv                    Ú+   Ğ®'„ùD     ¸úD PaœMk~   ÈúD `.    oZ (Z œ®' - - ` -œ®'˜úD H÷ÉûD PaÄzk~    ÜúD j‚w `ği‚w¢_Ú®$ûD ­§w `öwŠé         `û             öwŠéèúD     ,ûD  t«wr!i    4ûD Z­§wÿÿÿÿ» ¦w         - `                                                                                                                                                                                                                                                                                                                                                                                                                                                                                                                                                                                                                                                                                                                                                                                                                                                                                                                                                                                                                                                                                                                                                                                                                                                            Actx       3  Ü                        4   |                            Nï&˜  D   à  `      ºq2ó@  J   Œ        [IY-¬  2   à         ÍêÎ2à  B   $  6      È_P8\  ^   ¼  h      D(±$  V   |  ˜     	   ì         |  Ğ        L           ì  Œ        x-          Œ0  ˜         $1  Ì         ğ1  ğ      	   à2  (         3        SsHd,               Œ      ˜  ,   ^   ^                                          $   8       C : \ W i n d o w s \ W i n S x s \     Nï&  D   d  `     ºq2óÄ  J          [IY-0  2   d        ÍêÎ2d
  B   ¨
  6     È_P8à  ^   @  h     D(±¨  V      ˜     M i c r o s o f t . W i n d o w s . S y s t e m C o m p a t i b l e     l        Ğ     ,   Ü  ÃdUKKŸÎ                                          ¸   
                      M i c r o s o f t . W i n d o w s . S y s t e m C o m p a t i b l e , p r o c e s s o r A r c h i t e c t u r e = " x 8 6 " , p u b l i c K e y T o k e n = " 6 5 9 5 b 6 4 1 4 4 c c f 1 d f " , t y p e = " w i n 3 2 " , v e r s i o n = " 6 . 0 . 9 6 0 0 . 1 6 3 8 4 " S y s t e m   D e f a u l t   C o n t e x t   x 8 6 _ m i c r o s o f t . w i n d o w s . s y s t e m c o m p a t i b l e _ 6 5 9 5 b 6 4 1 4 4 c c f 1 d f _ 6 . 0 . 9 6 0 0 . 1 6 3 8 4 _ n o n e _ b 1 9 0 d 9 3 6 b d c a 3 c 1 0   M i c r o s o f t . W i n d o w s . I s o l a t i o n A u t o m a t i o n   l         |     ú   €  €òKKŸÎ                                          °   |                      M i c r o s o f t . W i n d o w s . I s o l a t i o n A u t o m a t i o n , p r o c e s s o r A r c h i t e c t u r e = " x 8 6 " , p u b l i c K e y T o k e n = " 6 5 9 5 b 6 4 1 4 4 c c f 1 d f " , t y p e = " w i n 3 2 " , v e r s i o n = " 1 . 0 . 0 . 0 " C : \ W i n d o w s \ W i n S x S \ m a n i f e s t s \ x 8 6 _ m i c r o s o f t . w i n d o w s . i s o l a t i o n a u t o m a t i o n _ 6 5 9 5 b 6 4 1 4 4 c c f 1 d f _ 1 . 0 . 0 . 0 _ n o n e _ 3 5 d 3 5 7 a 6 6 c 3 8 a d e 4 . m a n i f e s t   x 8 6 _ m i c r o s o f t . w i n d o w s . i s o l a t i o n a u t o m a t i o n _ 6 5 9 5 b 6 4 1 4 4 c c f 1 
Does Jenkins specify a file name
or directory name on the target
(F = file, D = directory)? 
C:\Program Files (x86)\Jenkins_Backup\20190502_143119\agt-launch-jenkins-configuration>git add . 

C:\Program Files (x86)\Jenkins_Backup\20190502_143119\agt-launch-jenkins-configuration>git status 
On branch master
Your branch is up to date with 'origin/master'.

nothing to commit, working tree clean

C:\Program Files (x86)\Jenkins_Backup\20190502_143119\agt-launch-jenkins-configuration>git commit -m "Jenkins Configuration Backup 20190502_143119" 
On branch master
Your branch is up to date with 'origin/master'.

nothing to commit, working tree clean

C:\Program Files (x86)\Jenkins_Backup\20190502_143119\agt-launch-jenkins-configuration>git push 
Build was aborted
Aborted by [8mha:////4JwL7rPs3JZ2cjg9IrxPHfkrQgHaGQpnwGvaduRhvp2QAAAAlx+LCAAAAAAAAP9b85aBtbiIQTGjNKU4P08vOT+vOD8nVc83PyU1x6OyILUoJzMv2y+/JJUBAhiZGBgqihhk0NSjKDWzXb3RdlLBUSYGJk8GtpzUvPSSDB8G5tKinBIGIZ+sxLJE/ZzEvHT94JKizLx0a6BxUmjGOUNodHsLgAzWEgZu/dLi1CL9xJTczDwAj6GcLcAAAAA=[0madmin
Finished: ABORTED
