Started by user [8mha:////4JwL7rPs3JZ2cjg9IrxPHfkrQgHaGQpnwGvaduRhvp2QAAAAlx+LCAAAAAAAAP9b85aBtbiIQTGjNKU4P08vOT+vOD8nVc83PyU1x6OyILUoJzMv2y+/JJUBAhiZGBgqihhk0NSjKDWzXb3RdlLBUSYGJk8GtpzUvPSSDB8G5tKinBIGIZ+sxLJE/ZzEvHT94JKizLx0a6BxUmjGOUNodHsLgAzWEgZu/dLi1CL9xJTczDwAj6GcLcAAAAA=[0madmin
Building in workspace C:\Program Files (x86)\Jenkins\workspace\Backup
[Backup] $ cmd /c call C:\Windows\TEMP\jenkins1150832143117036069.bat

C:\Program Files (x86)\Jenkins\workspace\Backup>PATH
PATH=C:\Python38\Scripts\;C:\Python38\;C:\Windows\system32;C:\Windows;C:\Windows\System32\Wbem;C:\Windows\System32\WindowsPowerShell\v1.0\;C:\Program Files\Amazon\cfn-bootstrap\;C:\ProgramData\chocolatey\bin;C:\Program Files\Java\jdk1.8.0_211\bin;C:\Program Files\Git\cmd;C:\Program Files\Amazon\AWSCLI\bin\;C:\Program Files\nodejs\;C:\Program Files (x86)\Yarn\bin\;C:\Windows\system32\config\systemprofile\AppData\Roaming\npm;C:\Windows\system32\config\systemprofile\AppData\Local\Yarn\bin

C:\Program Files (x86)\Jenkins\workspace\Backup>PATH=C:\Python38\Scripts\;C:\Python38\;C:\Windows\system32;C:\Windows;C:\Windows\System32\Wbem;C:\Windows\System32\WindowsPowerShell\v1.0\;C:\Program Files\Amazon\cfn-bootstrap\;C:\ProgramData\chocolatey\bin;C:\Program Files\Java\jdk1.8.0_211\bin;C:\Program Files\Git\cmd;C:\Program Files\Amazon\AWSCLI\bin\;C:\Program Files\nodejs\;C:\Program Files (x86)\Yarn\bin\;C:\Windows\system32\config\systemprofile\AppData\Roaming\npm;C:\Windows\system32\config\systemprofile\AppData\Local\Yarn\binC:\Program Files\Git\cmd; 

C:\Program Files (x86)\Jenkins\workspace\Backup>PATH
PATH=C:\Python38\Scripts\;C:\Python38\;C:\Windows\system32;C:\Windows;C:\Windows\System32\Wbem;C:\Windows\System32\WindowsPowerShell\v1.0\;C:\Program Files\Amazon\cfn-bootstrap\;C:\ProgramData\chocolatey\bin;C:\Program Files\Java\jdk1.8.0_211\bin;C:\Program Files\Git\cmd;C:\Program Files\Amazon\AWSCLI\bin\;C:\Program Files\nodejs\;C:\Program Files (x86)\Yarn\bin\;C:\Windows\system32\config\systemprofile\AppData\Roaming\npm;C:\Windows\system32\config\systemprofile\AppData\Local\Yarn\binC:\Program Files\Git\cmd;

C:\Program Files (x86)\Jenkins\workspace\Backup>set mytime=103214 

C:\Program Files (x86)\Jenkins\workspace\Backup>set mydate=20190502 

C:\Program Files (x86)\Jenkins\workspace\Backup>set mytime=103214 

C:\Program Files (x86)\Jenkins\workspace\Backup>set timestamp=20190502_103214 

C:\Program Files (x86)\Jenkins\workspace\Backup>echo 20190502_103214 
20190502_103214

C:\Program Files (x86)\Jenkins\workspace\Backup>cd C:\Program Files (x86)\Jenkins/.. 

C:\Program Files (x86)>for /F "tokens=*" %f in ('cd') do (set BACKUP_HOME=%f\Jenkins_Backup ) 

C:\Program Files (x86)>(set BACKUP_HOME=C:\Program Files (x86)\Jenkins_Backup ) 

C:\Program Files (x86)>cd C:\Program Files (x86)\Jenkins_Backup 

C:\Program Files (x86)\Jenkins_Backup>for /F "tokens=*" %f in ('dir /b') do (
echo %f  
 del /S /Q "C:\Program Files (x86)\Jenkins_Backup\%f"  
 rmdir /S /Q "C:\Program Files (x86)\Jenkins_Backup\%f" 
) 

C:\Program Files (x86)\Jenkins_Backup>(
echo 20190502_101600  
 del /S /Q "C:\Program Files (x86)\Jenkins_Backup\20190502_101600"  
 rmdir /S /Q "C:\Program Files (x86)\Jenkins_Backup\20190502_101600" 
) 
20190502_101600
Deleted file - C:\Program Files (x86)\Jenkins_Backup\20190502_101600\.git\config
Deleted file - C:\Program Files (x86)\Jenkins_Backup\20190502_101600\.git\description
Deleted file - C:\Program Files (x86)\Jenkins_Backup\20190502_101600\.git\HEAD
Deleted file - C:\Program Files (x86)\Jenkins_Backup\20190502_101600\.git\hooks\applypatch-msg.sample
Deleted file - C:\Program Files (x86)\Jenkins_Backup\20190502_101600\.git\hooks\commit-msg.sample
Deleted file - C:\Program Files (x86)\Jenkins_Backup\20190502_101600\.git\hooks\fsmonitor-watchman.sample
Deleted file - C:\Program Files (x86)\Jenkins_Backup\20190502_101600\.git\hooks\post-update.sample
Deleted file - C:\Program Files (x86)\Jenkins_Backup\20190502_101600\.git\hooks\pre-applypatch.sample
Deleted file - C:\Program Files (x86)\Jenkins_Backup\20190502_101600\.git\hooks\pre-commit.sample
Deleted file - C:\Program Files (x86)\Jenkins_Backup\20190502_101600\.git\hooks\pre-push.sample
Deleted file - C:\Program Files (x86)\Jenkins_Backup\20190502_101600\.git\hooks\pre-rebase.sample
Deleted file - C:\Program Files (x86)\Jenkins_Backup\20190502_101600\.git\hooks\pre-receive.sample
Deleted file - C:\Program Files (x86)\Jenkins_Backup\20190502_101600\.git\hooks\prepare-commit-msg.sample
Deleted file - C:\Program Files (x86)\Jenkins_Backup\20190502_101600\.git\hooks\update.sample
Deleted file - C:\Program Files (x86)\Jenkins_Backup\20190502_101600\.git\info\exclude
Deleted file - C:\Program Files (x86)\Jenkins_Backup\20190502_101600\agt-launch-jenkins-configuration\README.md
Deleted file - C:\Program Files (x86)\Jenkins_Backup\20190502_101600\agt-launch-jenkins-configuration\.git\config
Deleted file - C:\Program Files (x86)\Jenkins_Backup\20190502_101600\agt-launch-jenkins-configuration\.git\description
Deleted file - C:\Program Files (x86)\Jenkins_Backup\20190502_101600\agt-launch-jenkins-configuration\.git\HEAD
Deleted file - C:\Program Files (x86)\Jenkins_Backup\20190502_101600\agt-launch-jenkins-configuration\.git\index
Deleted file - C:\Program Files (x86)\Jenkins_Backup\20190502_101600\agt-launch-jenkins-configuration\.git\packed-refs
Deleted file - C:\Program Files (x86)\Jenkins_Backup\20190502_101600\agt-launch-jenkins-configuration\.git\hooks\applypatch-msg.sample
Deleted file - C:\Program Files (x86)\Jenkins_Backup\20190502_101600\agt-launch-jenkins-configuration\.git\hooks\commit-msg.sample
Deleted file - C:\Program Files (x86)\Jenkins_Backup\20190502_101600\agt-launch-jenkins-configuration\.git\hooks\fsmonitor-watchman.sample
Deleted file - C:\Program Files (x86)\Jenkins_Backup\20190502_101600\agt-launch-jenkins-configuration\.git\hooks\post-update.sample
Deleted file - C:\Program Files (x86)\Jenkins_Backup\20190502_101600\agt-launch-jenkins-configuration\.git\hooks\pre-applypatch.sample
Deleted file - C:\Program Files (x86)\Jenkins_Backup\20190502_101600\agt-launch-jenkins-configuration\.git\hooks\pre-commit.sample
Deleted file - C:\Program Files (x86)\Jenkins_Backup\20190502_101600\agt-launch-jenkins-configuration\.git\hooks\pre-push.sample
Deleted file - C:\Program Files (x86)\Jenkins_Backup\20190502_101600\agt-launch-jenkins-configuration\.git\hooks\pre-rebase.sample
Deleted file - C:\Program Files (x86)\Jenkins_Backup\20190502_101600\agt-launch-jenkins-configuration\.git\hooks\pre-receive.sample
Deleted file - C:\Program Files (x86)\Jenkins_Backup\20190502_101600\agt-launch-jenkins-configuration\.git\hooks\prepare-commit-msg.sample
Deleted file - C:\Program Files (x86)\Jenkins_Backup\20190502_101600\agt-launch-jenkins-configuration\.git\hooks\update.sample
Deleted file - C:\Program Files (x86)\Jenkins_Backup\20190502_101600\agt-launch-jenkins-configuration\.git\info\exclude
Deleted file - C:\Program Files (x86)\Jenkins_Backup\20190502_101600\agt-launch-jenkins-configuration\.git\logs\HEAD
Deleted file - C:\Program Files (x86)\Jenkins_Backup\20190502_101600\agt-launch-jenkins-configuration\.git\logs\refs\heads\master
Deleted file - C:\Program Files (x86)\Jenkins_Backup\20190502_101600\agt-launch-jenkins-configuration\.git\logs\refs\remotes\origin\HEAD
C:\Program Files (x86)\Jenkins_Backup\20190502_101600\agt-launch-jenkins-configuration\.git\objects\98\cb5e949d0eebbd4e69b125302d4fcdcb45c396
Access is denied.
C:\Program Files (x86)\Jenkins_Backup\20190502_101600\agt-launch-jenkins-configuration\.git\objects\ed\61707888a7bedf810587a5ca7e721853c978d0
Access is denied.
C:\Program Files (x86)\Jenkins_Backup\20190502_101600\agt-launch-jenkins-configuration\.git\objects\f1\ecfa8ddf372b24f1e5d1e01711b46cd12353e1
Access is denied.
Deleted file - C:\Program Files (x86)\Jenkins_Backup\20190502_101600\agt-launch-jenkins-configuration\.git\refs\heads\master
Deleted file - C:\Program Files (x86)\Jenkins_Backup\20190502_101600\agt-launch-jenkins-configuration\.git\refs\remotes\origin\HEAD
The process cannot access the file because it is being used by another process.

C:\Program Files (x86)\Jenkins_Backup>(
echo 20190502_102558  
 del /S /Q "C:\Program Files (x86)\Jenkins_Backup\20190502_102558"  
 rmdir /S /Q "C:\Program Files (x86)\Jenkins_Backup\20190502_102558" 
) 
20190502_102558
Deleted file - C:\Program Files (x86)\Jenkins_Backup\20190502_102558\.git\config
Deleted file - C:\Program Files (x86)\Jenkins_Backup\20190502_102558\.git\description
Deleted file - C:\Program Files (x86)\Jenkins_Backup\20190502_102558\.git\HEAD
Deleted file - C:\Program Files (x86)\Jenkins_Backup\20190502_102558\.git\hooks\applypatch-msg.sample
Deleted file - C:\Program Files (x86)\Jenkins_Backup\20190502_102558\.git\hooks\commit-msg.sample
Deleted file - C:\Program Files (x86)\Jenkins_Backup\20190502_102558\.git\hooks\fsmonitor-watchman.sample
Deleted file - C:\Program Files (x86)\Jenkins_Backup\20190502_102558\.git\hooks\post-update.sample
Deleted file - C:\Program Files (x86)\Jenkins_Backup\20190502_102558\.git\hooks\pre-applypatch.sample
Deleted file - C:\Program Files (x86)\Jenkins_Backup\20190502_102558\.git\hooks\pre-commit.sample
Deleted file - C:\Program Files (x86)\Jenkins_Backup\20190502_102558\.git\hooks\pre-push.sample
Deleted file - C:\Program Files (x86)\Jenkins_Backup\20190502_102558\.git\hooks\pre-rebase.sample
Deleted file - C:\Program Files (x86)\Jenkins_Backup\20190502_102558\.git\hooks\pre-receive.sample
Deleted file - C:\Program Files (x86)\Jenkins_Backup\20190502_102558\.git\hooks\prepare-commit-msg.sample
Deleted file - C:\Program Files (x86)\Jenkins_Backup\20190502_102558\.git\hooks\update.sample
Deleted file - C:\Program Files (x86)\Jenkins_Backup\20190502_102558\.git\info\exclude

C:\Program Files (x86)\Jenkins_Backup>mkdir "C:\Program Files (x86)\Jenkins_Backup\20190502_103214" 

C:\Program Files (x86)\Jenkins_Backup>cd "C:\Program Files (x86)\Jenkins_Backup\20190502_103214" 

C:\Program Files (x86)\Jenkins_Backup\20190502_103214>git config --global user.name "kennedd-github" 

C:\Program Files (x86)\Jenkins_Backup\20190502_103214>git init 
Initialized empty Git repository in C:/Program Files (x86)/Jenkins_Backup/20190502_103214/.git/

C:\Program Files (x86)\Jenkins_Backup\20190502_103214>whoami
nt authority\system

C:\Program Files (x86)\Jenkins_Backup\20190502_103214>git config --list 
core.symlinks=false
core.autocrlf=true
core.fscache=true
color.diff=auto
color.status=auto
color.branch=auto
color.interactive=true
help.format=html
rebase.autosquash=true
http.sslbackend=openssl
http.sslcainfo=C:/Program Files/Git/mingw64/ssl/certs/ca-bundle.crt
credential.helper=manager
user.email=davidkennedy@mail.com
user.name=kennedd-github
core.repositoryformatversion=0
core.filemode=false
core.bare=false
core.logallrefupdates=true
core.symlinks=false
core.ignorecase=true

C:\Program Files (x86)\Jenkins_Backup\20190502_103214>git config --system --list 
http.sslbackend=openssl
http.sslcainfo=C:/Program Files/Git/mingw64/ssl/certs/ca-bundle.crt
credential.helper=manager

C:\Program Files (x86)\Jenkins_Backup\20190502_103214>goto end 

C:\Program Files (x86)\Jenkins_Backup\20190502_103214>exit 0 
Finished: SUCCESS
