Started by user [8mha:////4JwL7rPs3JZ2cjg9IrxPHfkrQgHaGQpnwGvaduRhvp2QAAAAlx+LCAAAAAAAAP9b85aBtbiIQTGjNKU4P08vOT+vOD8nVc83PyU1x6OyILUoJzMv2y+/JJUBAhiZGBgqihhk0NSjKDWzXb3RdlLBUSYGJk8GtpzUvPSSDB8G5tKinBIGIZ+sxLJE/ZzEvHT94JKizLx0a6BxUmjGOUNodHsLgAzWEgZu/dLi1CL9xJTczDwAj6GcLcAAAAA=[0madmin
Building in workspace C:\Program Files (x86)\Jenkins\workspace\agtl-jenkins-launch-config-backup
[agtl-jenkins-launch-config-backup] $ cmd /c call C:\Windows\TEMP\jenkins6236826064637301790.bat

C:\Program Files (x86)\Jenkins\workspace\agtl-jenkins-launch-config-backup>PATH
PATH=C:\Python38\Scripts\;C:\Python38\;C:\Windows\system32;C:\Windows;C:\Windows\System32\Wbem;C:\Windows\System32\WindowsPowerShell\v1.0\;C:\Program Files\Amazon\cfn-bootstrap\;C:\ProgramData\chocolatey\bin;C:\Program Files\Java\jdk1.8.0_211\bin;C:\Program Files\Git\cmd;C:\Program Files\Amazon\AWSCLI\bin\;C:\Program Files\nodejs\;C:\Program Files (x86)\Yarn\bin\;C:\Windows\system32\config\systemprofile\AppData\Roaming\npm;C:\Windows\system32\config\systemprofile\AppData\Local\Yarn\bin

C:\Program Files (x86)\Jenkins\workspace\agtl-jenkins-launch-config-backup>PATH=C:\Python38\Scripts\;C:\Python38\;C:\Windows\system32;C:\Windows;C:\Windows\System32\Wbem;C:\Windows\System32\WindowsPowerShell\v1.0\;C:\Program Files\Amazon\cfn-bootstrap\;C:\ProgramData\chocolatey\bin;C:\Program Files\Java\jdk1.8.0_211\bin;C:\Program Files\Git\cmd;C:\Program Files\Amazon\AWSCLI\bin\;C:\Program Files\nodejs\;C:\Program Files (x86)\Yarn\bin\;C:\Windows\system32\config\systemprofile\AppData\Roaming\npm;C:\Windows\system32\config\systemprofile\AppData\Local\Yarn\binC:\Program Files\Git\cmd; 

C:\Program Files (x86)\Jenkins\workspace\agtl-jenkins-launch-config-backup>PATH
PATH=C:\Python38\Scripts\;C:\Python38\;C:\Windows\system32;C:\Windows;C:\Windows\System32\Wbem;C:\Windows\System32\WindowsPowerShell\v1.0\;C:\Program Files\Amazon\cfn-bootstrap\;C:\ProgramData\chocolatey\bin;C:\Program Files\Java\jdk1.8.0_211\bin;C:\Program Files\Git\cmd;C:\Program Files\Amazon\AWSCLI\bin\;C:\Program Files\nodejs\;C:\Program Files (x86)\Yarn\bin\;C:\Windows\system32\config\systemprofile\AppData\Roaming\npm;C:\Windows\system32\config\systemprofile\AppData\Local\Yarn\binC:\Program Files\Git\cmd;

C:\Program Files (x86)\Jenkins\workspace\agtl-jenkins-launch-config-backup>set mytime=142036 

C:\Program Files (x86)\Jenkins\workspace\agtl-jenkins-launch-config-backup>set mydate=20190502 

C:\Program Files (x86)\Jenkins\workspace\agtl-jenkins-launch-config-backup>set mytime=142036 

C:\Program Files (x86)\Jenkins\workspace\agtl-jenkins-launch-config-backup>set timestamp=20190502_142036 

C:\Program Files (x86)\Jenkins\workspace\agtl-jenkins-launch-config-backup>echo 20190502_142036 
20190502_142036

C:\Program Files (x86)\Jenkins\workspace\agtl-jenkins-launch-config-backup>cd C:\Program Files (x86)\Jenkins/.. 

C:\Program Files (x86)>for /F "tokens=*" %f in ('cd') do (set BACKUP_HOME=%f\Jenkins_Backup ) 

C:\Program Files (x86)>(set BACKUP_HOME=C:\Program Files (x86)\Jenkins_Backup ) 

C:\Program Files (x86)>cd C:\Program Files (x86)\Jenkins_Backup 

C:\Program Files (x86)\Jenkins_Backup>for /F "tokens=*" %f in ('dir /b') do (
echo %f  
 del /S /Q "C:\Program Files (x86)\Jenkins_Backup\%f"  
 rmdir /S /Q "C:\Program Files (x86)\Jenkins_Backup\%f" 
) 

C:\Program Files (x86)\Jenkins_Backup>(
echo 1234  
 del /S /Q "C:\Program Files (x86)\Jenkins_Backup\1234"  
 rmdir /S /Q "C:\Program Files (x86)\Jenkins_Backup\1234" 
) 
1234
The process cannot access the file because it is being used by another process.

C:\Program Files (x86)\Jenkins_Backup>(
echo 20190502_141821  
 del /S /Q "C:\Program Files (x86)\Jenkins_Backup\20190502_141821"  
 rmdir /S /Q "C:\Program Files (x86)\Jenkins_Backup\20190502_141821" 
) 
20190502_141821
Deleted file - C:\Program Files (x86)\Jenkins_Backup\20190502_141821\.git\config
Deleted file - C:\Program Files (x86)\Jenkins_Backup\20190502_141821\.git\description
Deleted file - C:\Program Files (x86)\Jenkins_Backup\20190502_141821\.git\HEAD
Deleted file - C:\Program Files (x86)\Jenkins_Backup\20190502_141821\.git\hooks\applypatch-msg.sample
Deleted file - C:\Program Files (x86)\Jenkins_Backup\20190502_141821\.git\hooks\commit-msg.sample
Deleted file - C:\Program Files (x86)\Jenkins_Backup\20190502_141821\.git\hooks\fsmonitor-watchman.sample
Deleted file - C:\Program Files (x86)\Jenkins_Backup\20190502_141821\.git\hooks\post-update.sample
Deleted file - C:\Program Files (x86)\Jenkins_Backup\20190502_141821\.git\hooks\pre-applypatch.sample
Deleted file - C:\Program Files (x86)\Jenkins_Backup\20190502_141821\.git\hooks\pre-commit.sample
Deleted file - C:\Program Files (x86)\Jenkins_Backup\20190502_141821\.git\hooks\pre-push.sample
Deleted file - C:\Program Files (x86)\Jenkins_Backup\20190502_141821\.git\hooks\pre-rebase.sample
Deleted file - C:\Program Files (x86)\Jenkins_Backup\20190502_141821\.git\hooks\pre-receive.sample
Deleted file - C:\Program Files (x86)\Jenkins_Backup\20190502_141821\.git\hooks\prepare-commit-msg.sample
Deleted file - C:\Program Files (x86)\Jenkins_Backup\20190502_141821\.git\hooks\update.sample
Deleted file - C:\Program Files (x86)\Jenkins_Backup\20190502_141821\.git\info\exclude
Deleted file - C:\Program Files (x86)\Jenkins_Backup\20190502_141821\agt-launch-jenkins-configuration\README.md
Deleted file - C:\Program Files (x86)\Jenkins_Backup\20190502_141821\agt-launch-jenkins-configuration\.git\config
Deleted file - C:\Program Files (x86)\Jenkins_Backup\20190502_141821\agt-launch-jenkins-configuration\.git\description
Deleted file - C:\Program Files (x86)\Jenkins_Backup\20190502_141821\agt-launch-jenkins-configuration\.git\HEAD
Deleted file - C:\Program Files (x86)\Jenkins_Backup\20190502_141821\agt-launch-jenkins-configuration\.git\index
Deleted file - C:\Program Files (x86)\Jenkins_Backup\20190502_141821\agt-launch-jenkins-configuration\.git\packed-refs
Deleted file - C:\Program Files (x86)\Jenkins_Backup\20190502_141821\agt-launch-jenkins-configuration\.git\hooks\applypatch-msg.sample
Deleted file - C:\Program Files (x86)\Jenkins_Backup\20190502_141821\agt-launch-jenkins-configuration\.git\hooks\commit-msg.sample
Deleted file - C:\Program Files (x86)\Jenkins_Backup\20190502_141821\agt-launch-jenkins-configuration\.git\hooks\fsmonitor-watchman.sample
Deleted file - C:\Program Files (x86)\Jenkins_Backup\20190502_141821\agt-launch-jenkins-configuration\.git\hooks\post-update.sample
Deleted file - C:\Program Files (x86)\Jenkins_Backup\20190502_141821\agt-launch-jenkins-configuration\.git\hooks\pre-applypatch.sample
Deleted file - C:\Program Files (x86)\Jenkins_Backup\20190502_141821\agt-launch-jenkins-configuration\.git\hooks\pre-commit.sample
Deleted file - C:\Program Files (x86)\Jenkins_Backup\20190502_141821\agt-launch-jenkins-configuration\.git\hooks\pre-push.sample
Deleted file - C:\Program Files (x86)\Jenkins_Backup\20190502_141821\agt-launch-jenkins-configuration\.git\hooks\pre-rebase.sample
Deleted file - C:\Program Files (x86)\Jenkins_Backup\20190502_141821\agt-launch-jenkins-configuration\.git\hooks\pre-receive.sample
Deleted file - C:\Program Files (x86)\Jenkins_Backup\20190502_141821\agt-launch-jenkins-configuration\.git\hooks\prepare-commit-msg.sample
Deleted file - C:\Program Files (x86)\Jenkins_Backup\20190502_141821\agt-launch-jenkins-configuration\.git\hooks\update.sample
Deleted file - C:\Program Files (x86)\Jenkins_Backup\20190502_141821\agt-launch-jenkins-configuration\.git\info\exclude
Deleted file - C:\Program Files (x86)\Jenkins_Backup\20190502_141821\agt-launch-jenkins-configuration\.git\logs\HEAD
Deleted file - C:\Program Files (x86)\Jenkins_Backup\20190502_141821\agt-launch-jenkins-configuration\.git\logs\refs\heads\master
Deleted file - C:\Program Files (x86)\Jenkins_Backup\20190502_141821\agt-launch-jenkins-configuration\.git\logs\refs\remotes\origin\HEAD
C:\Program Files (x86)\Jenkins_Backup\20190502_141821\agt-launch-jenkins-configuration\.git\objects\98\cb5e949d0eebbd4e69b125302d4fcdcb45c396
Access is denied.
C:\Program Files (x86)\Jenkins_Backup\20190502_141821\agt-launch-jenkins-configuration\.git\objects\ed\61707888a7bedf810587a5ca7e721853c978d0
Access is denied.
C:\Program Files (x86)\Jenkins_Backup\20190502_141821\agt-launch-jenkins-configuration\.git\objects\f1\ecfa8ddf372b24f1e5d1e01711b46cd12353e1
Access is denied.
Deleted file - C:\Program Files (x86)\Jenkins_Backup\20190502_141821\agt-launch-jenkins-configuration\.git\refs\heads\master
Deleted file - C:\Program Files (x86)\Jenkins_Backup\20190502_141821\agt-launch-jenkins-configuration\.git\refs\remotes\origin\HEAD

C:\Program Files (x86)\Jenkins_Backup>mkdir "C:\Program Files (x86)\Jenkins_Backup\20190502_142036" 

C:\Program Files (x86)\Jenkins_Backup>cd "C:\Program Files (x86)\Jenkins_Backup\20190502_142036" 

C:\Program Files (x86)\Jenkins_Backup\20190502_142036>git config --global user.name "kennedd-github" 

C:\Program Files (x86)\Jenkins_Backup\20190502_142036>git init 
Initialized empty Git repository in C:/Program Files (x86)/Jenkins_Backup/20190502_142036/.git/

C:\Program Files (x86)\Jenkins_Backup\20190502_142036>whoami
nt authority\system

C:\Program Files (x86)\Jenkins_Backup\20190502_142036>git config --system --unset credential.helper 

C:\Program Files (x86)\Jenkins_Backup\20190502_142036>git config --list 
core.symlinks=false
core.autocrlf=true
core.fscache=true
color.diff=auto
color.status=auto
color.branch=auto
color.interactive=true
help.format=html
rebase.autosquash=true
http.sslbackend=openssl
http.sslcainfo=C:/Program Files/Git/mingw64/ssl/certs/ca-bundle.crt
user.email=david.kennedy@mail.com
user.name=kennedd-github
core.repositoryformatversion=0
core.filemode=false
core.bare=false
core.logallrefupdates=true
core.symlinks=false
core.ignorecase=true

C:\Program Files (x86)\Jenkins_Backup\20190502_142036>git config --system --list 
http.sslbackend=openssl
http.sslcainfo=C:/Program Files/Git/mingw64/ssl/certs/ca-bundle.crt

C:\Program Files (x86)\Jenkins_Backup\20190502_142036>git clone --progress --verbose https://github.com/kennedd-github/agt-launch-jenkins-configuration.git 
Cloning into 'agt-launch-jenkins-configuration'...
POST git-upload-pack (175 bytes)
remote: Enumerating objects: 3, done.        
remote: Counting objects:  33% (1/3)           remote: Counting objects:  66% (2/3)           remote: Counting objects: 100% (3/3)           remote: Counting objects: 100% (3/3), done.        
remote: Compressing objects:  50% (1/2)           remote: Compressing objects: 100% (2/2)           remote: Compressing objects: 100% (2/2), done.        
remote: Total 3 (delta 0), reused 0 (delta 0), pack-reused 0        

C:\Program Files (x86)\Jenkins_Backup\20190502_142036>cd "C:\Program Files (x86)\Jenkins_Backup\20190502_142036\agt-launch-jenkins-config" 
The system cannot find the path specified.

C:\Program Files (x86)\Jenkins_Backup\20190502_142036>xcopy /s "C:\Program Files (x86)\Jenkins" Jenkins /E /Y /B 
Does Jenkins specify a file name
or directory name on the target
(F = file, D = directory)? ?   —  UÊñíĞæØ\á ¨‹0            ˆ1X181¨‹0½aI‚ØëäHá x1 0°ûusÀ÷€ø¶)á usˆO0                usˆO0                xø€ø    À÷        x1¸‹0 0pus¸‹0  1¸çp1`0   80            Èõ0* 	     àç    œçœçgtus ñus  0    ¨÷00tus9á     À÷9á ÿ  dusˆO0¨÷0          p1È1dus¸‹0C : \       ®şÿÿÿ ,è0 0 0 0 0 4 0 9    [        å0À 0ÿ  àµºR    0Z  N  ğJ  şÿÿÿ@   N OÙùî     N      À 0Î   °k0æùîÀ 0<ò   G        Z  å0   å0
   å0å0R  å  şÿÿÿ       Èê     R     À 0Ò   °k0 	 xå0<ò t«wGÎşÿÿÿpéô¦w8   @   ´0éÄ’	  	     å0   `0 t«w    Xêß0ïvj¦w    å0yå0       Xé_öïvU   y4us¨‹0Hç                  ¨é                ïv0pus¸‹0  µº(         0   Aşÿÿ    ª[0    q¦wg  gáÿÿÿ    0yVşÿÿÄ ÅÔ[0Xê   g  gÈÿÿÿ     Ò‰v	  Ä Å€î  XêÄ Å¨hZàZ1À 0€   Œ0C     0H   Ä Å‚O‹v0(   À 0€   „0g       6$¦w÷âµº01  081¬ê      6$¦w×âµºH1  0P1  0ÇÿÿÿÄ Å1J K         g  g˜0Ä Å   g  gæÿÿÿS  S    ì1€   ¼ø01S  S     0   €       81x1Œ0   S   pş0S       €181S  S   M   S   5         0õ0   5   `05    ø5   `0`0¬ë       81 ø t«wGÎşÿÿÿÈëj¦w    P1°ûus˜1   ¤ë4us¨‹0é                                   ëüus  0µlI‚¨÷>á x1 0€øxø    @á     ” ¸1@	1 0Ğù0    èô0Ø
1    ²  %˜1˜1À÷0pus¸‹0                                 äµº  dus¸‹0C : \ P r o g r a m   F i l e s   ( x 8 6 ) \ J e n k i n s                                                                                                                                                                                                                                                                                                                                                                                                                     4us¨‹08ì                                          dus¸‹0C : \ P r o g r a m   F i l e s   ( x 8 6 ) \ J e n k i n s _ B a c k u p \ 2 0 1 9 0 5 0 2 _ 1 4 2 0 3 6 \ J e n k i n s                                                                                                                                                                                                                                                                                                                                                                                                               dus¨‹0€î=     5      3                        dus¸‹0C : \ P r o g r a m   F i l e s   ( x 8 6 ) \ J e n k i n s                                                                                                                                                                                                                                                                                                                                                                                                                                                                             dus¨‹0Èğ                            ó0dus0pus¸‹0    dusˆO0È÷0          „¹u     dus˜O0 0ğù0dusˆO0˜‘0             ódus˜O0        dusˆO0ø’0              0dus˜O0        dusˆO0h’0                dus˜O0        dusˆO0Ø’0          Üö    dus˜O0ó0èş0dusˆO0ˆ‘0               dus˜O0 ô    dusˆO0÷0          ÷    dus˜O0  \     dusˆO08’0                  dus˜O0        dusˆO0¨ö0                  dus˜O0        dusˆO0Ø‘0                 dus˜O0 Ê§w    dusˆO0è’0          Èşîv ;úvdus4us¨‹0ó                                  O0 ó0    dusˆO0ö0                  dus˜O0 ¦w    dusˆO0‘0          ä[0 şÿÿdus˜O0        dusˆO0H’0                  dus˜O0        dusˆO0¸’0                 dus˜O0       dusˆO0‘0          €     0dus˜O0        dusˆO0È’0               dus(‹0        dusˆO0°õ0              dus‹0 ÿÿÿ    dusˆO0Ğù0
              dus‹0        dusˆO0X÷0              dusè‹0 9úv    dusˆO0X‘0                  dusè‹0husàı0dusˆO0H‘0               ÷dusè‹0       dusˆO0(‘0                  dusè‹0   pş0dusˆO0h‘0              ‘lI‚°ø£á İI‚           \á x’0us“08¡usø‹0                      0/V      ğØÿÿÿÿÿÿ        0°0P0   usˆO0à1^   à1_   °0 0P0,V  1u     (1x1                                ğ0                   Ú+á    İI‚°÷    äøPaá ¥ª   ôø`.á     oZZ™I‚ -á  -á  Pú~ -á ™I‚ÄøH÷É@ùPaá ı©ª    ùj‚w Pú~ği‚wà!QPù­§w Pú~ÿğµº         Pú~û             ÿğµºù    Xù t«w¤Î    `ùZ­§wÿÿÿÿ­ ¦w         -á  Pú~                                                                                                                                                                                                                                                                                                                                                                                                                                                                                                                                                                                                                                                                                                                                                                                                                                                                                                                                                                                                                                                                                                                                                                                                                                                                                                                                                                                                                                                                                                                                                                                                                                                                                                                                                Actx       3  Ü                        4   |                            Nï&˜  D   à  `      ºq2ó@  J   Œ        [IY-¬  2   à         ÍêÎ2à  B   $  6      È_P8\  ^   ¼  h      D(±$  V   |  ˜     	   ì         |  Ğ        L           ì  Œ        x-          Œ0  ˜         $1  Ì         ğ1  ğ      	   à2  (         3        SsHd,               Œ      ˜  ,   ^   ^                                          $   8       C : \ W i n d o w s \ W i n S x s \     Nï&  D   d  `     ºq2óÄ  J          [IY-0  2   d        ÍêÎ2d
  B   ¨
  6     È_P8à  ^   @  h     D(±¨  V      ˜     M i c r o s o f t . W i n d o w s . S y s t e m C o m p a t i b l e     l        Ğ     ,   Ü  ÃdUKKŸÎ                                          ¸   
                      M i c r o s o f t . W i n d o w s . S y s t e m C o m p a t i b l e , p r o c e s s o r A r c h i t e c t u r e = " x 8 6 " , p u b l i c K e y T o k e n = " 6 5 9 5 b 6 4 1 4 4 c c f 1 d f " , t y p e = " w i n 3 2 " , v e r s i o n = " 6 . 0 . 9 6 0 0 . 1 6 3 8 4 " S y s t e m   D e f a u l t   C o n t e x t   x 8 6 _ m i c r o s o f t . w i n d o w s . s y s t e m c o m p a t i b l e _ 6 5 9 5 b 6 4 1 4 4 c c f 1 d f _ 6 . 0 . 9 6 0 0 . 1 6 3 8 4 _ n o n e _ b 1 9 0 d 9 3 6 b d c a 3 c 1 0   M i c r o s o f t . W i n d o w s . I s o l a t i o n A u t o m a t i o n   l         |     ú   €  €òKKŸÎ                                          °   |                      M i c r o s o f t . W i n d o w s . I s o l a t i o n A u t o m a t i o n , p r o c e s s o r A r c h i t e c t u r e = " x 8 6 " , p u b l i c K e y T o k e n 
Does Jenkins specify a file name
or directory name on the target
(F = file, D = directory)? 
C:\Program Files (x86)\Jenkins_Backup\20190502_142036>git add . 
warning: adding embedded git repository: agt-launch-jenkins-configuration
hint: You've added another git repository inside your current repository.
hint: Clones of the outer repository will not contain the contents of
hint: the embedded repository and will not know how to obtain it.
hint: If you meant to add a submodule, use:
hint: 
hint: 	git submodule add <url> agt-launch-jenkins-configuration
hint: 
hint: If you added this path by mistake, you can remove it from the
hint: index with:
hint: 
hint: 	git rm --cached agt-launch-jenkins-configuration
hint: 
hint: See "git help submodule" for more information.

C:\Program Files (x86)\Jenkins_Backup\20190502_142036>git status 
On branch master

No commits yet

Changes to be committed:
  (use "git rm --cached <file>..." to unstage)

	new file:   agt-launch-jenkins-configuration


C:\Program Files (x86)\Jenkins_Backup\20190502_142036>git commit -m "Jenkins Configuration Backup 20190502_142036" 
[master (root-commit) 1e3b89a] Jenkins Configuration Backup 20190502_142036
 1 file changed, 1 insertion(+)
 create mode 160000 agt-launch-jenkins-configuration

C:\Program Files (x86)\Jenkins_Backup\20190502_142036>git push 
fatal: No configured push destination.
Either specify the URL from the command-line or configure a remote repository using

    git remote add <name> <url>

and then push using the remote name

    git push <name>


C:\Program Files (x86)\Jenkins_Backup\20190502_142036>exit 128 
Build step 'Execute Windows batch command' marked build as failure
Finished: FAILURE
